// Jest Snapshot v1, https://goo.gl/fbAQLP

exports[`Page Create new records (blocks Set) match snapshot and display all blocks 1`] = `
<div class="p-mx-2 lck-layout-classic">
  <div class="lck-page-content" style="margin-right: 0px;">
    <!---->
    <div class="lck-color-primary p-my-4">
      <h1>Page 6</h1>
    </div>
    <!---->
    <draggable-stub value="[object Object]" clone="function(t){return t}" element="div" handle=".handle" class="lck-container-parent">
      <div id="16" class="lck-container">
        <!---->
        <!---->
        <draggable-stub value="[object Object],[object Object]" clone="function(t){return t}" element="div" handle=".handle-block" class="lck-block-parent">
          <block-stub block="[object Object]" workspaceid="toto" content="[object Object]" definition="[object Object]" cellstate="[object Object]" secondarysources="[object Object]" class="lck-block p-pb-4"></block-stub>
          <block-stub block="[object Object]" workspaceid="toto" cellstate="[object Object]" secondarysources="[object Object]" class="lck-block p-pb-4" definition="[object Object]" content="[object Object],[object Object],[object Object],[object Object],[object Object],[object Object],[object Object],[object Object],[object Object],[object Object],[object Object],[object Object],[object Object],[object Object],[object Object],[object Object],[object Object],[object Object],[object Object],[object Object],[object Object],[object Object],[object Object],[object Object],[object Object],[object Object],[object Object],[object Object],[object Object]"></block-stub>
        </draggable-stub>
        <!---->
      </div>
    </draggable-stub>
    <!---->
  </div>
  <update-sidebar-stub container="[object Object]" block="[object Object]" page="[object Object]" width="30rem" relatedchapterpages=""></update-sidebar-stub>
</div>
`;
